--- Phase 1: Initialize Template ---
Template updated: LLC_Accounting_Template.xlsx

--- Phase 2: Load Bank Transactions ---
Loading BANK transactions from tests/example_bank.csv to Test_Accounting.xlsx...
  (Option --clear active: Existing data will be removed)
  [CLEAR] 'Nuclear' option active: Deleting sheet 'Bank Transactions' to ensure a clean start.
  Creating sheet 'Bank Transactions'...
  Adjusting layout: Inserting 2 rows at top for Totals...
Successfully processed 3 transactions in Bank Transactions.
  (Note: Applied AutoFilter and Sytling. Formal Excel 'Tables' disabled to prevent file corruption on update.)
Saved changes to Test_Accounting.xlsx.

--- Phase 3: Load CC Transactions ---
Loading CC transactions from tests/example_cc.csv to Test_Accounting.xlsx...
  (Option --clear active: Existing data will be removed)
  [CLEAR] 'Nuclear' option active: Deleting sheet 'Credit Card Transactions' to ensure a clean start.
  Creating sheet 'Credit Card Transactions'...
  Adjusting layout: Inserting 2 rows at top for Totals...
Successfully processed 3 transactions in Credit Card Transactions.
  (Note: Applied AutoFilter and Sytling. Formal Excel 'Tables' disabled to prevent file corruption on update.)
Saved changes to Test_Accounting.xlsx.

--- Phase 4: Categorize Transactions (Simulated) ---

--- Phase 5: Add Ledger Entries ---

--- Phase 6: Run Financial Report (with Checker) ---
Loading workbook: Test_Accounting.xlsx...
Setup Headers: [
  'category',
  'sub-category',
  'type',
  'report',
  '',
  'vendors',
  'customers',
  'sheet name (config)',
  'account type',
  'flip polarity? (yes/no)',
  'header row'
]
--- DEBUG MAPPING ---
Col Category: 1
Col Sub-Category: 2
Col Sheet Name: 9
Col Sheet Type: 10
Checking Cat: "Sales" | Sub: "general" vs Target: "bank"
Checking Cat: "Rent" | Sub: "office" vs Target: "bank"
Checking Cat: "Checking Account" | Sub: "bank" vs Target: "bank"
[Linkage Result] Sheet "Bank Transactions" (Type: "Bank") -> Linked to: "Checking Account"
[Linkage Result] Sheet "Credit Card Transactions" (Type: "CC") -> Linked to: "Credit Card"

Processing "Bank Transactions":
  Header Row: 3
  Mapping: {"date":1,"desc":2,"amount":3,"category":4,"subCat":5,"vendor":7,"customer":8}
Applied Sheet Total (6150) to Linked Account "Checking Account". New Balance: -6150

Processing "Credit Card Transactions":
  Header Row: 3
  Mapping: {"date":1,"desc":3,"amount":4,"category":5,"subCat":6,"vendor":8,"customer":9}
Applied Sheet Total (-180.5) to Linked Account "Credit Card". New Balance: 180.5

Processing "Ledger":
  Mapping: {"date":1,"desc":2,"category":3,"subCat":null,"vendor":null,"customer":null,"dr":4,"cr":5}

--- PROFIT & LOSS ---
Office          :         -215.00
Rent            :       -1,500.00
Sales           :        7,500.00
Travel          :          -15.50

=== NET INCOME: 5769.50 ===


--- BALANCE SHEET ---
AX CC                 :            0.00
Checking Account      :        7,150.00
Credit Card           :          180.50

--- DATA INTEGRITY ISSUES ---

>> Tab: BANK TRANSACTIONS
  [!] 1 rows missing category
  [!] Illegal Categories: IllegalCat
  [!] Unknown Vendors: UnknownVendor
      - [2025-01-26] Row 8: MISSING CATEGORY ("uncategorized expense")
      - [2025-01-25] Row 7: ILLEGAL CATEGORY "IllegalCat"
      - [2025-01-25] Row 7: UNKNOWN VENDOR "UnknownVendor"

(Run with --save to update the Excel file)

--- Phase 7: Save Test Artifact ---
Saved full test case to tests/Full_Accounting_Test_Case.xlsx

--- Phase 8: Verification ---
Test completed. Check output above for:
Bank Balance: 7,150.00
CC Balance: 180.50
Net Income: 5,769.50
